2026-07-13T15:44:42Z INF Starting tunnel tunnelID=c5660f74-4d4d-499f-980e-156be77fb7f0
2026-07-13T15:44:42Z INF Version 2026.6.1 (Checksum 5253e66f1f493c4e13539749f1aa86fd0c61e3072900fec29a44ba046a6d97e2)
2026-07-13T15:44:42Z INF GOOS: windows, GOVersion: go1.26.4, GoArch: amd64
2026-07-13T15:44:42Z INF Settings: map[cred-file:C:\Users\liemi\.cloudflared\c5660f74-4d4d-499f-980e-156be77fb7f0.json credentials-file:C:\Users\liemi\.cloudflared\c5660f74-4d4d-499f-980e-156be77fb7f0.json]
2026-07-13T15:44:42Z INF cloudflared will not automatically update on Windows systems.
2026-07-13T15:44:42Z INF Generated Connector ID: eb14da0d-705d-4630-b96d-ac1938c2477c
2026-07-13T15:44:42Z INF Initial protocol quic
2026-07-13T15:44:42Z INF ICMP proxy will use 192.168.1.2 as source for IPv4
2026-07-13T15:44:42Z INF ICMP proxy will use 2404:c0:b602:b77b:bd23:4aea:e47c:e952 in zone Ethernet as source for IPv6
2026-07-13T15:44:43Z INF cloudflared does not support loading the system root certificate pool on Windows. Please use --origin-ca-pool <PATH> to specify the path to the certificate pool
2026-07-13T15:44:43Z INF cloudflared does not support loading the system root certificate pool on Windows. Please use --origin-ca-pool <PATH> to specify the path to the certificate pool
2026-07-13T15:44:43Z INF cloudflared does not support loading the system root certificate pool on Windows. Please use --origin-ca-pool <PATH> to specify the path to the certificate pool
2026-07-13T15:44:43Z INF ICMP proxy will use 192.168.1.2 as source for IPv4
2026-07-13T15:44:43Z INF Tunnel connection curve preferences: [X25519MLKEM768 CurveID(65074) CurveP256] connIndex=0 event=0 ip=2606:4700:a8::2
2026-07-13T15:44:43Z INF ICMP proxy will use 2404:c0:b602:b77b:bd23:4aea:e47c:e952 in zone Ethernet as source for IPv6
2026-07-13T15:44:43Z INF Starting metrics server on 127.0.0.1:20243/metrics
2026-07-13T15:44:43Z INF +-------------------------------------------------------------------------------------+
2026-07-13T15:44:43Z INF |                               CONNECTIVITY PRE-CHECKS                               |
2026-07-13T15:44:43Z INF +-------------------------------------------------------------------------------------+
2026-07-13T15:44:43Z INF |  COMPONENT         TARGET                     STATUS  DETAILS                       |
2026-07-13T15:44:43Z INF |  DNS Resolution    region1.v2.argotunnel.com  PASS    DNS Resolved successfully     |
2026-07-13T15:44:43Z INF |  DNS Resolution    region2.v2.argotunnel.com  PASS    DNS Resolved successfully     |
2026-07-13T15:44:43Z INF |  UDP Connectivity  region1.v2.argotunnel.com  PASS    QUIC connection successful    |
2026-07-13T15:44:43Z INF |  UDP Connectivity  region2.v2.argotunnel.com  PASS    QUIC connection successful    |
2026-07-13T15:44:43Z INF |  TCP Connectivity  region1.v2.argotunnel.com  PASS    HTTP/2 connection successful  |
2026-07-13T15:44:43Z INF |  TCP Connectivity  region2.v2.argotunnel.com  PASS    HTTP/2 connection successful  |
2026-07-13T15:44:43Z INF |  Cloudflare API    api.cloudflare.com:443     PASS    API is reachable              |
2026-07-13T15:44:43Z INF |                                                                                     |
2026-07-13T15:44:43Z INF |  SUMMARY: Environment is healthy. cloudflared will use 'quic' as primary protocol.  |
2026-07-13T15:44:43Z INF +-------------------------------------------------------------------------------------+
2026-07-13T15:44:43Z INF precheck component="DNS Resolution" details="DNS Resolved successfully" run_id=2006ff2f-7122-4d0e-9b90-bc70fcd3c65b status=pass target=region1.v2.argotunnel.com
2026-07-13T15:44:43Z INF precheck component="DNS Resolution" details="DNS Resolved successfully" run_id=2006ff2f-7122-4d0e-9b90-bc70fcd3c65b status=pass target=region2.v2.argotunnel.com
2026-07-13T15:44:43Z INF precheck component="UDP Connectivity" details="QUIC connection successful" run_id=2006ff2f-7122-4d0e-9b90-bc70fcd3c65b status=pass target=region1.v2.argotunnel.com
2026-07-13T15:44:43Z INF precheck component="UDP Connectivity" details="QUIC connection successful" run_id=2006ff2f-7122-4d0e-9b90-bc70fcd3c65b status=pass target=region2.v2.argotunnel.com
2026-07-13T15:44:43Z INF precheck component="TCP Connectivity" details="HTTP/2 connection successful" run_id=2006ff2f-7122-4d0e-9b90-bc70fcd3c65b status=pass target=region1.v2.argotunnel.com
2026-07-13T15:44:43Z INF precheck component="TCP Connectivity" details="HTTP/2 connection successful" run_id=2006ff2f-7122-4d0e-9b90-bc70fcd3c65b status=pass target=region2.v2.argotunnel.com
2026-07-13T15:44:43Z INF precheck component="Cloudflare API" details="API is reachable" run_id=2006ff2f-7122-4d0e-9b90-bc70fcd3c65b status=pass target=api.cloudflare.com:443
2026-07-13T15:44:43Z INF precheck complete hard_fail=false run_id=2006ff2f-7122-4d0e-9b90-bc70fcd3c65b suggested_protocol=quic
2026-07-13T15:44:43Z INF Registered tunnel connection connIndex=0 connection=13ca58f1-6049-47b5-a095-ca94c8c40066 event=0 ip=2606:4700:a8::2 location=sin07 protocol=quic
2026-07-13T15:44:43Z INF Tunnel connection curve preferences: [X25519MLKEM768 CurveID(65074) CurveP256] connIndex=1 event=0 ip=2606:4700:a0::9
2026-07-13T15:44:44Z INF Registered tunnel connection connIndex=1 connection=6802d59f-bc54-4783-a043-3102588f0601 event=0 ip=2606:4700:a0::9 location=sin17 protocol=quic
2026-07-13T15:44:44Z INF Tunnel connection curve preferences: [X25519MLKEM768 CurveID(65074) CurveP256] connIndex=2 event=0 ip=2606:4700:a8::4
2026-07-13T15:44:45Z INF Registered tunnel connection connIndex=2 connection=86f47c34-af96-4d4c-957c-1ef38c2cfaba event=0 ip=2606:4700:a8::4 location=sin14 protocol=quic
